   Compiling wasmtime-wasi v28.0.1
   Compiling ironclaw v0.17.0 (/Users/nallylin/Documents/code/x-claw)
