---
source: crates/dasclaw_cli/tests/insta_snapshot_demo_e2e.rs
assertion_line: 56
expression: stdout
---
Headless agent CLI binary (ADR-153 §4.4 step 4). Demonstrates dasclaw_runtime::Agent::builder() end-to-end without desktop dependencies (no Tauri, no database, no HTTP server).

Usage: dasclaw-cli [OPTIONS] [COMMAND]

Commands:
  echo          Run the deterministic built-in echo responder (no LLM, no network)
  run           Run a real LLM-backed responder via `dasclaw_llm_provider`
  sandbox-exec  Run a single `bash -c <command>` under the headless CLI's default-deny `ReadOnly` sandbox policy (ADR-153 §1.1 A6 / e12)
  help          Print this message or the help of the given subcommand(s)

Options:
  -p, --prompt <PROMPT>  User prompt. When omitted, the prompt is read from stdin
  -s, --system <SYSTEM>  System prompt prepended to the conversation [default: "You are dasclaw, a headless agent."]
  -h, --help             Print help
  -V, --version          Print version
